apiVersion: v1
kind: ServiceAccount
metadata:
  annotations: {}
  labels:
    app.kubernetes.io/component: floodgate
    app.kubernetes.io/instance: floodgate
    app.kubernetes.io/managed-by: commodore
    app.kubernetes.io/name: floodgate
    app.kubernetes.io/version: v0.2.0
    name: floodgate
  name: floodgate
